// Jest Snapshot v1, https://goo.gl/fbAQLP

exports[`PhotoItem component renders correctly 1`] = `""`;
